// Jest Snapshot v1, https://goo.gl/fbAQLP

exports[`HomeScreen should match the snapshot 1`] = `
<RCTSafeAreaView
  emulateUnlessSupported={true}
  style={
    Object {
      "alignItems": "center",
      "backgroundColor": "#E1E2E6",
      "flex": 1,
      "height": "100%",
      "justifyContent": "center",
    }
  }
>
  <View
    style={
      Object {
        "flex": 1,
        "height": "100%",
        "padding": 12.857142857142858,
        "width": "100%",
      }
    }
  >
    <View
      style={
        Object {
          "backgroundColor": "#ffff",
          "borderBottomColor": "#000",
          "borderBottomWidth": 0,
          "borderRadius": 5,
          "borderTopColor": "#000",
          "borderTopWidth": 0,
          "elevation": 9,
          "marginBottom": 38.57142857142857,
          "padding": 5,
          "shadowColor": "#000",
          "shadowOffset": Object {
            "height": 4,
            "width": 0,
          },
          "shadowOpacity": 0.32,
          "shadowRadius": 5.46,
          "width": "100%",
        }
      }
    >
      <View
        style={
          Object {
            "paddingHorizontal": 0,
            "width": "100%",
          }
        }
      >
        <View
          style={
            Object {
              "alignItems": "center",
              "backgroundColor": "#ffff",
              "borderBottomWidth": 0,
              "borderColor": "#86939e",
              "borderRadius": 3,
              "flexDirection": "row",
              "minHeight": 30,
              "overflow": "hidden",
              "transform": Array [
                Object {
                  "translateX": 0,
                },
              ],
            }
          }
        >
          <View
            style={
              Object {
                "alignItems": "center",
                "height": 40,
                "justifyContent": "center",
                "marginLeft": 8,
                "marginVertical": 4,
                "paddingRight": 4,
              }
            }
          >
            <View
              style={
                Object {
                  "overflow": "hidden",
                }
              }
            >
              <View>
                <View
                  style={
                    Object {
                      "alignItems": "center",
                      "backgroundColor": "transparent",
                      "justifyContent": "center",
                    }
                  }
                >
                  <Text
                    allowFontScaling={false}
                    style={
                      Array [
                        Object {
                          "color": "#86939e",
                          "fontSize": 18,
                        },
                        Object {
                          "backgroundColor": "transparent",
                        },
                        Object {
                          "fontFamily": "Material Icons",
                          "fontStyle": "normal",
                          "fontWeight": "normal",
                        },
                        Object {},
                      ]
                    }
                    testID="iconIcon"
                  >
                    î¢¶
                  </Text>
                </View>
              </View>
            </View>
          </View>
          <TextInput
            allowFontScaling={true}
            editable={true}
            onBlur={[Function]}
            onCancel={[Function]}
            onChangeText={[Function]}
            onFocus={[Function]}
            placeholder="Discover"
            placeholderTextColor="#86939e"
            platform="default"
            rejectResponderTermination={true}
            style={
              Object {
                "color": "#86939e",
                "flex": 1,
                "fontSize": 18,
                "marginLeft": 10,
                "minHeight": 40,
              }
            }
            testID="searchInput"
            underlineColorAndroid="transparent"
            value=""
          />
          <View
            style={
              Object {
                "alignItems": "center",
                "height": 40,
                "justifyContent": "center",
                "marginRight": 8,
                "marginVertical": 4,
                "paddingRight": 4,
              }
            }
          >
            <View
              style={
                Object {
                  "flexDirection": "row",
                }
              }
            />
          </View>
        </View>
        <Text
          style={
            Object {
              "color": "#ff190c",
              "fontSize": 12,
              "height": 0,
              "margin": 0,
              "padding": 0,
            }
          }
        />
      </View>
    </View>
    <View
      style={
        Array [
          Object {
            "alignItems": "center",
            "bottom": 0,
            "elevation": 9,
            "flex": 1,
            "justifyContent": "center",
            "left": 0,
            "opacity": 0.4,
            "position": "absolute",
            "right": 0,
            "top": 0,
            "zIndex": 99,
          },
          Object {
            "backgroundColor": "transparent",
          },
        ]
      }
    >
      <ActivityIndicator
        animating={true}
        color="#000000"
        hidesWhenStopped={true}
        size="large"
      />
    </View>
    <RCTScrollView
      contentContainerStyle={
        Object {
          "alignContent": "center",
        }
      }
      scrollEnabled={true}
      showsVerticalScrollIndicator={false}
    >
      <View />
    </RCTScrollView>
  </View>
  <Modal
    animationType="slide"
    hardwareAccelerated={false}
    onRequestClose={[Function]}
    supportedOrientations={
      Array [
        "portrait",
        "landscape",
      ]
    }
    transparent={true}
    visible={false}
  >
    <View
      style={
        Object {
          "alignItems": "center",
          "flex": 1,
          "justifyContent": "center",
        }
      }
    >
      <View
        style={
          Object {
            "backgroundColor": "#ffff",
            "borderRadius": 10,
            "padding": 45,
            "width": 385.7142857142857,
          }
        }
      >
        <Text
          style={
            Object {
              "fontSize": 25.714285714285715,
              "fontWeight": "bold",
              "marginBottom": 32.14285714285714,
              "textAlign": "center",
            }
          }
        >
          No Results Found
        </Text>
        <Text
          style={
            Object {
              "fontSize": 19.285714285714285,
              "marginBottom": 25.714285714285715,
              "textAlign": "center",
            }
          }
        >
          Hmmmm, we're not getting any results. Our bad, try another search
        </Text>
        <View
          accessible={true}
          focusable={true}
          onClick={[Function]}
          onResponderGrant={[Function]}
          onResponderMove={[Function]}
          onResponderRelease={[Function]}
          onResponderTerminate={[Function]}
          onResponderTerminationRequest={[Function]}
          onStartShouldSetResponder={[Function]}
          style={
            Object {
              "backgroundColor": "#409ff7",
              "borderRadius": 10,
              "opacity": 1,
              "padding": 10,
            }
          }
        >
          <Text
            style={
              Object {
                "color": "white",
                "fontWeight": "bold",
                "textAlign": "center",
              }
            }
          >
            Ok
          </Text>
        </View>
      </View>
    </View>
  </Modal>
</RCTSafeAreaView>
`;
